[
  {
    "kind": "statement",
    "name": "a",
    "start": {
      "line": 7,
      "column": 0
    },
    "end": {
      "line": 7,
      "column": 5
    }
  },
  {
    "kind": "class",
    "name": "Test",
    "start": {
      "line": 10,
      "column": 0
    },
    "end": {
      "line": 17,
      "column": 0
    },
    "children": [
      {
        "kind": "function",
        "name": "__init__",
        "start": {
          "line": 12,
          "column": 4
        },
        "end": {
          "line": 14,
          "column": 0
        },
        "children": [],
        "params": [
          "self"
        ]
      },
      {
        "kind": "function",
        "name": "hello",
        "start": {
          "line": 15,
          "column": 4
        },
        "end": {
          "line": 17,
          "column": 0
        },
        "children": [],
        "params": [
          "self",
          "name"
        ]
      }
    ],
    "params": []
  }
]