[
  {
    "kind": "class",
    "name": "Test2",
    "start": {
      "line": 9,
      "column": 0
    },
    "end": {
      "line": 20,
      "column": 0
    },
    "children": [
      {
        "kind": "function",
        "name": "__init__",
        "start": {
          "line": 13,
          "column": 4
        },
        "end": {
          "line": 16,
          "column": 0
        },
        "children": [],
        "params": [
          "self"
        ]
      },
      {
        "kind": "function",
        "name": "hello",
        "start": {
          "line": 17,
          "column": 4
        },
        "end": {
          "line": 20,
          "column": 0
        },
        "children": [],
        "params": [
          "self",
          "name"
        ]
      }
    ],
    "params": []
  }
]