[
  {
    "kind": "class",
    "name": "Test3",
    "start": {
      "line": 8,
      "column": 0
    },
    "end": {
      "line": 24,
      "column": 0
    },
    "children": [
      {
        "kind": "function",
        "name": "__init__",
        "start": {
          "line": 10,
          "column": 4
        },
        "end": {
          "line": 12,
          "column": 0
        },
        "children": [],
        "params": [
          "self"
        ]
      },
      {
        "kind": "function",
        "name": "hello",
        "start": {
          "line": 14,
          "column": 4
        },
        "end": {
          "line": 16,
          "column": 0
        },
        "children": [],
        "params": [
          "self",
          "name"
        ]
      },
      {
        "kind": "function",
        "name": "hey",
        "start": {
          "line": 18,
          "column": 4
        },
        "end": {
          "line": 20,
          "column": 0
        },
        "children": [],
        "params": []
      },
      {
        "kind": "function",
        "name": "meth",
        "start": {
          "line": 22,
          "column": 4
        },
        "end": {
          "line": 24,
          "column": 0
        },
        "children": [],
        "params": []
      }
    ],
    "params": []
  }
]