[
  {
    "kind": "statement",
    "name": "a",
    "start": {
      "line": 7,
      "column": 0
    },
    "end": {
      "line": 7,
      "column": 23
    }
  },
  {
    "kind": "statement",
    "name": "b",
    "start": {
      "line": 7,
      "column": 0
    },
    "end": {
      "line": 7,
      "column": 23
    }
  },
  {
    "kind": "statement",
    "name": "c",
    "start": {
      "line": 7,
      "column": 0
    },
    "end": {
      "line": 7,
      "column": 23
    }
  },
  {
    "kind": "statement",
    "name": "d",
    "start": {
      "line": 7,
      "column": 0
    },
    "end": {
      "line": 7,
      "column": 23
    }
  }
]