[
  {
    "kind": "statement",
    "name": "T",
    "start": {
      "line": 5,
      "column": 0
    },
    "end": {
      "line": 5,
      "column": 16
    }
  },
  {
    "kind": "class",
    "name": "Node",
    "start": {
      "line": 8,
      "column": 0
    },
    "end": {
      "line": 11,
      "column": 0
    },
    "children": [
      {
        "kind": "function",
        "name": "__init__",
        "start": {
          "line": 9,
          "column": 4
        },
        "end": {
          "line": 11,
          "column": 0
        },
        "children": [],
        "params": [
          "self",
          "label"
        ]
      }
    ],
    "params": [
      "label"
    ]
  },
  {
    "kind": "function",
    "name": "fun",
    "start": {
      "line": 13,
      "column": 0
    },
    "end": {
      "line": 15,
      "column": 0
    },
    "children": [],
    "params": [
      "arg1",
      "arg2"
    ]
  },
  {
    "kind": "function",
    "name": "fun2",
    "start": {
      "line": 17,
      "column": 0
    },
    "end": {
      "line": 19,
      "column": 0
    },
    "children": [],
    "params": [
      "a",
      "b"
    ]
  }
]